Γû▓ Next.js 16.2.4 (Turbopack)
- Environments: .env.local

npx : ΓÜá The "middleware" file convention is deprecated. Please use "proxy" instead. Learn more: 
https://nextjs.org/docs/messages/middleware-to-proxy
At line:1 char:1
+ npx next build > build_output.log 2>&1; cat build_output.log | Select ...
+ ~~~~~~~~~~~~~~~~~~~~~~~~~~~~~~~~~~~~~~
    + CategoryInfo          : NotSpecified: (ΓÜá The "middle...leware-to-proxy:String) [], RemoteException
    + FullyQualifiedErrorId : NativeCommandError
 
  Creating an optimized production build ...
Γ£ô Compiled successfully in 4.6s
  Running TypeScript ...
  Finished TypeScript in 92ms ...
  Collecting page data using 11 workers ...
  Generating static pages using 11 workers (0/64) ...
  Generating static pages using 11 workers (16/64) 
  Generating static pages using 11 workers (32/64) 
  Generating static pages using 11 workers (48/64) 
Γ£à [DB] Successfully connected to MongoDB
Γ£à [DB] Successfully connected to MongoDB
Γ£à [DB] Successfully connected to MongoDB
Γ£à [DB] Successfully connected to MongoDB
Γ£à [DB] Successfully connected to MongoDB
Γ£à [DB] Successfully connected to MongoDB
Γ£à [DB] Successfully connected to MongoDB
Γ£à [DB] Successfully connected to MongoDB
Γ£à [DB] Successfully connected to MongoDB
Γ£à [DB] Successfully connected to MongoDB
Γ£à [DB] Successfully connected to MongoDB
Γ£à [DB] Successfully connected to MongoDB
Γ£à [DB] Successfully connected to MongoDB
Γ£à [DB] Successfully connected to MongoDB
Γ£à [DB] Successfully connected to MongoDB
Γ£ô Generating static pages using 11 workers (64/64) in 4.1s
  Finalizing page optimization ...

Route (app)
Γöî ╞Æ /
Γö£ Γùï /_not-found
Γö£ Γùï /admin
Γö£ Γùï /admin/ai
Γö£ Γùï /admin/alerts
Γö£ Γùï /admin/blog
Γö£ Γùï /admin/costs
Γö£ Γùï /admin/insights
Γö£ Γùï /admin/logs
Γö£ Γùï /admin/pricing
Γö£ Γùï /admin/revenue
Γö£ Γùï /admin/searches
Γö£ Γùï /admin/users
Γö£ ╞Æ /api/admin/ai
Γö£ ╞Æ /api/admin/alerts
Γö£ ╞Æ /api/admin/blog
Γö£ ╞Æ /api/admin/blog/[id]
Γö£ ╞Æ /api/admin/blog/seed
Γö£ ╞Æ /api/admin/costs
Γö£ ╞Æ /api/admin/errors
Γö£ ╞Æ /api/admin/insights
Γö£ ╞Æ /api/admin/logs
Γö£ ╞Æ /api/admin/overview
Γö£ ╞Æ /api/admin/pricing
Γö£ ╞Æ /api/admin/pricing/seed
Γö£ ╞Æ /api/admin/revenue
Γö£ ╞Æ /api/admin/searches
Γö£ ╞Æ /api/admin/users
Γö£ ╞Æ /api/auth/[...nextauth]
Γö£ ╞Æ /api/auth/google
Γö£ ╞Æ /api/auth/login
Γö£ ╞Æ /api/auth/logout
Γö£ ╞Æ /api/auth/me
Γö£ ╞Æ /api/auth/send-code
Γö£ ╞Æ /api/auth/signup
Γö£ ╞Æ /api/blog
Γö£ ╞Æ /api/blog/[slug]
Γö£ ╞Æ /api/chats
Γö£ ╞Æ /api/chats/[chatId]
Γö£ ╞Æ /api/explorium/search
Γö£ ╞Æ /api/harvester/export
Γö£ ╞Æ /api/harvester/run
Γö£ ╞Æ /api/leads/export
Γö£ ╞Æ /api/leads/reply
Γö£ ╞Æ /api/leads/saved
Γö£ ╞Æ /api/leads/search
Γö£ ╞Æ /api/leads/search/[id]
Γö£ ╞Æ /api/settings/keywords
Γö£ ╞Æ /api/stripe/checkout
Γö£ ╞Æ /api/stripe/portal
Γö£ ╞Æ /api/stripe/webhook
Γö£ ╞Æ /blog
Γö£ ╞Æ /blog/[slug]
Γö£ Γùï /checkout
Γö£ Γùï /dashboard
Γö£ Γùï /dashboard/harvester
Γö£ Γùï /dashboard/saved
Γö£ Γùï /dashboard/settings
Γö£ ╞Æ /find-leads/[keyword]
Γö£ Γùï /login
Γö£ ╞Æ /pricing
Γö£ Γùï /robots.txt
Γö£ Γùï /signup
Γö£ Γùï /sitemap.xml
Γöö Γùï /verify


╞Æ Proxy (Middleware)

Γùï  (Static)   prerendered as static content
╞Æ  (Dynamic)  server-rendered on demand

